// Jest Snapshot v1, https://goo.gl/fbAQLP

exports[`Add_doctor tests render Add_doctor test 1`] = `
<div
  className="add-doctor"
>
  <form
    className="form"
  >
    <div
      className="form-item"
    >
      <label
        className="form-label"
        htmlFor="first_name"
      >
        First Name
      </label>
      <input
        className="form-controls"
        onChange={[Function]}
        type="text"
        value=""
      />
    </div>
    <div
      className="form-item"
    >
      <label
        className="form-label"
        htmlFor="last_name"
      >
        Last Name
      </label>
      <input
        className="form-controls"
        onChange={[Function]}
        type="text"
        value=""
      />
    </div>
    <div
      className="form-item"
    >
      <label
        className="form-label"
        htmlFor="city"
      >
        City
      </label>
      <input
        className="form-controls"
        onChange={[Function]}
        type="text"
        value=""
      />
    </div>
    <div
      className="form-item"
    >
      <label
        className="form-label"
        htmlFor="phone"
      >
        Contact Number
      </label>
      <input
        className="form-controls"
        onChange={[Function]}
        type="text"
        value=""
      />
    </div>
    <div
      className="form-item"
    >
      <label
        className="form-label"
        htmlFor="email"
      >
        Email
      </label>
      <input
        className="form-controls"
        onChange={[Function]}
        type="text"
        value=""
      />
    </div>
    <div
      className="form-item"
    >
      <label
        className="form-label"
        htmlFor="bio"
      >
        Bio
      </label>
      <input
        className="form-controls"
        onChange={[Function]}
        type="text"
        value=""
      />
    </div>
    <div
      className="form-item"
    >
      <label
        className="form-label"
        htmlFor="specialization"
      >
        Specialization
      </label>
      <input
        className="form-controls"
        onChange={[Function]}
        type="text"
        value=""
      />
    </div>
    <div
      className="form-item"
    >
      <label
        className="form-label"
        htmlFor="photo"
      >
        Photo
      </label>
      <input
        className="form-controls"
        onChange={[Function]}
        type="text"
        value=""
      />
    </div>
    <button
      className="book-btn"
      onClick={[Function]}
      type="button"
    >
      Add Doctor
    </button>
  </form>
  <div
    className="Toastify"
  />
</div>
`;
