// Jest Snapshot v1, https://goo.gl/fbAQLP

exports[`ADDBookings tests render ADDBookings test 1`] = `null`;
