// Jest Snapshot v1, https://goo.gl/fbAQLP

exports[`Bookings tests render Bookings test 1`] = `null`;
