// Jest Snapshot v1, https://goo.gl/fbAQLP

exports[`Bookings tests render Countries test 1`] = `null`;
